build_dataset.py  —  2026-09-18 23:44:12
============================================================
Total image files scanned  : 11766
Skipped (bad filename)     : 7
Processed rows             : 11759

── Image → JSON linkage ──────────────────────────────────
  Matched (image + panel)  :   8837  (75.2%)
  No JSON file             :   1469  (12.5%)
  JSON found, panel missing:   1453  (12.4%)

── Caption linkage (of total processed) ─────────────────
  Has subcaption + summary :   8837  (75.2%)

── Output ────────────────────────────────────────────────
  CSV  : composite_linked_dataset.csv
  Log  : composite_build_dataset.log

── Skipped filenames (bad pattern) ──────────────────────
  composite_img11743_common.jpg
  composite_img12287_common.jpg
  composite_img13932_common.jpg
  composite_img26025_common.jpg
  composite_img34653_common.jpg
  composite_img3490_common.jpg
  composite_img48569_common.jpg
